<?xml version="1.0" encoding="UTF-8"?>
<urlset xmlns="http://www.sitemaps.org/schemas/sitemap/0.9">
	<url>
		<loc>http://www.mysite.com/priorities/default</loc>
		<lastmod>2016-03-03T07:52:01.000Z</lastmod>
		<changefreq>daily</changefreq>
		<priority>0.7</priority>
	</url>
	<url>
		<loc>http://www.mysite.com/priorities/high</loc>
		<lastmod>2016-03-03T07:51:17.000Z</lastmod>
		<changefreq>daily</changefreq>
		<priority>1.0</priority>
	</url>
	<url>
		<loc>http://www.mysite.com/priorities/low</loc>
		<lastmod>2016-03-03T07:51:43.000Z</lastmod>
		<changefreq>daily</changefreq>
		<priority>0.3</priority>
	</url>
</urlset>